<hash elem=5>
	0:30:ac
	1:1:ad
	2:<empty>
	3:3:ae
	4:<empty>
	5:<empty>
	6:<empty>
	7:<empty>
	8:<empty>
	9:<empty>
	10:<empty>
	11:<empty>
	12:<empty>
	13:<empty>
	14:<empty>
	15:<empty>
	16:<empty>
	17:<empty>
	18:<empty>
	19:<empty>
	20:<empty>
	21:<empty>
	22:<empty>
	23:<empty>
	24:<empty>
	25:<empty>
	26:<empty>
	27:<empty>
	28:<empty>
	29:<empty>
	30:30:aa
	31:30:ab
</hash>
