<gap len=1536 hardlimit=0>
[0] = (nil)
[1] = (nil)
[2] = (nil)
[3] = (nil)
[4] = (nil)
[5] = 0x42
[6] = (nil)
[7] = (nil)
[8] = (nil)
[9] = (nil)
[10] = (nil)
[11] = (nil)
[12] = (nil)
[13] = (nil)
[14] = (nil)
[15] = (nil)
[16] = (nil)
[17] = (nil)
[18] = (nil)
[19] = (nil)
[20] = (nil)
[21] = (nil)
[22] = (nil)
[23] = (nil)
[24] = (nil)
[25] = (nil)
[26] = (nil)
[27] = (nil)
[28] = (nil)
[29] = (nil)
[30] = (nil)
[31] = (nil)
[32] = (nil)
[33] = (nil)
[34] = (nil)
[35] = (nil)
[36] = (nil)
[37] = (nil)
[38] = (nil)
[39] = (nil)
[40] = (nil)
[41] = (nil)
[42] = (nil)
[43] = (nil)
[44] = (nil)
[45] = (nil)
[46] = (nil)
[47] = (nil)
[48] = (nil)
[49] = (nil)
[50] = (nil)
[51] = (nil)
[52] = (nil)
[53] = (nil)
[54] = (nil)
[55] = (nil)
[56] = (nil)
[57] = (nil)
[58] = (nil)
[59] = (nil)
[60] = (nil)
[61] = (nil)
[62] = (nil)
[63] = (nil)
[64] = (nil)
[65] = (nil)
[66] = (nil)
[67] = (nil)
[68] = (nil)
[69] = (nil)
[70] = (nil)
[71] = (nil)
[72] = (nil)
[73] = (nil)
[74] = (nil)
[75] = (nil)
[76] = (nil)
[77] = (nil)
[78] = (nil)
[79] = (nil)
[80] = (nil)
[81] = (nil)
[82] = (nil)
[83] = (nil)
[84] = (nil)
[85] = (nil)
[86] = (nil)
[87] = (nil)
[88] = (nil)
[89] = (nil)
[90] = (nil)
[91] = (nil)
[92] = (nil)
[93] = (nil)
[94] = (nil)
[95] = (nil)
[96] = (nil)
[97] = (nil)
[98] = (nil)
[99] = (nil)
[100] = (nil)
[101] = (nil)
[102] = (nil)
[103] = (nil)
[104] = (nil)
[105] = (nil)
[106] = (nil)
[107] = (nil)
[108] = (nil)
[109] = (nil)
[110] = (nil)
[111] = (nil)
[112] = (nil)
[113] = (nil)
[114] = (nil)
[115] = (nil)
[116] = (nil)
[117] = (nil)
[118] = (nil)
[119] = (nil)
[120] = (nil)
[121] = (nil)
[122] = (nil)
[123] = (nil)
[124] = (nil)
[125] = (nil)
[126] = (nil)
[127] = (nil)
[128] = (nil)
[129] = (nil)
[130] = (nil)
[131] = (nil)
[132] = (nil)
[133] = (nil)
[134] = (nil)
[135] = (nil)
[136] = (nil)
[137] = (nil)
[138] = (nil)
[139] = (nil)
[140] = (nil)
[141] = (nil)
[142] = (nil)
[143] = (nil)
[144] = (nil)
[145] = (nil)
[146] = (nil)
[147] = (nil)
[148] = (nil)
[149] = (nil)
[150] = (nil)
[151] = (nil)
[152] = (nil)
[153] = (nil)
[154] = (nil)
[155] = (nil)
[156] = (nil)
[157] = (nil)
[158] = (nil)
[159] = (nil)
[160] = (nil)
[161] = (nil)
[162] = (nil)
[163] = (nil)
[164] = (nil)
[165] = (nil)
[166] = (nil)
[167] = (nil)
[168] = (nil)
[169] = (nil)
[170] = (nil)
[171] = (nil)
[172] = (nil)
[173] = (nil)
[174] = (nil)
[175] = (nil)
[176] = (nil)
[177] = (nil)
[178] = (nil)
[179] = (nil)
[180] = (nil)
[181] = (nil)
[182] = (nil)
[183] = (nil)
[184] = (nil)
[185] = (nil)
[186] = (nil)
[187] = (nil)
[188] = (nil)
[189] = (nil)
[190] = (nil)
[191] = (nil)
[192] = (nil)
[193] = (nil)
[194] = (nil)
[195] = (nil)
[196] = (nil)
[197] = (nil)
[198] = (nil)
[199] = (nil)
[200] = (nil)
[201] = (nil)
[202] = (nil)
[203] = (nil)
[204] = (nil)
[205] = (nil)
[206] = (nil)
[207] = (nil)
[208] = (nil)
[209] = (nil)
[210] = (nil)
[211] = (nil)
[212] = (nil)
[213] = (nil)
[214] = (nil)
[215] = (nil)
[216] = (nil)
[217] = (nil)
[218] = (nil)
[219] = (nil)
[220] = (nil)
[221] = (nil)
[222] = (nil)
[223] = (nil)
[224] = (nil)
[225] = (nil)
[226] = (nil)
[227] = (nil)
[228] = (nil)
[229] = (nil)
[230] = (nil)
[231] = (nil)
[232] = (nil)
[233] = (nil)
[234] = (nil)
[235] = (nil)
[236] = (nil)
[237] = (nil)
[238] = (nil)
[239] = (nil)
[240] = (nil)
[241] = (nil)
[242] = (nil)
[243] = (nil)
[244] = (nil)
[245] = (nil)
[246] = (nil)
[247] = (nil)
[248] = (nil)
[249] = (nil)
[250] = (nil)
[251] = (nil)
[252] = (nil)
[253] = (nil)
[254] = (nil)
[255] = (nil)
[256] = (nil)
[257] = (nil)
[258] = (nil)
[259] = (nil)
[260] = (nil)
[261] = (nil)
[262] = (nil)
[263] = (nil)
[264] = (nil)
[265] = (nil)
[266] = (nil)
[267] = (nil)
[268] = (nil)
[269] = (nil)
[270] = (nil)
[271] = (nil)
[272] = (nil)
[273] = (nil)
[274] = (nil)
[275] = (nil)
[276] = (nil)
[277] = (nil)
[278] = (nil)
[279] = (nil)
[280] = (nil)
[281] = (nil)
[282] = (nil)
[283] = (nil)
[284] = (nil)
[285] = (nil)
[286] = (nil)
[287] = (nil)
[288] = (nil)
[289] = (nil)
[290] = (nil)
[291] = (nil)
[292] = (nil)
[293] = (nil)
[294] = (nil)
[295] = (nil)
[296] = (nil)
[297] = (nil)
[298] = (nil)
[299] = (nil)
[300] = (nil)
[301] = (nil)
[302] = (nil)
[303] = (nil)
[304] = (nil)
[305] = (nil)
[306] = (nil)
[307] = (nil)
[308] = (nil)
[309] = (nil)
[310] = (nil)
[311] = (nil)
[312] = (nil)
[313] = (nil)
[314] = (nil)
[315] = (nil)
[316] = (nil)
[317] = (nil)
[318] = (nil)
[319] = (nil)
[320] = (nil)
[321] = (nil)
[322] = (nil)
[323] = (nil)
[324] = (nil)
[325] = (nil)
[326] = (nil)
[327] = (nil)
[328] = (nil)
[329] = (nil)
[330] = (nil)
[331] = (nil)
[332] = (nil)
[333] = (nil)
[334] = (nil)
[335] = (nil)
[336] = (nil)
[337] = (nil)
[338] = (nil)
[339] = (nil)
[340] = (nil)
[341] = (nil)
[342] = (nil)
[343] = (nil)
[344] = (nil)
[345] = (nil)
[346] = (nil)
[347] = (nil)
[348] = (nil)
[349] = (nil)
[350] = (nil)
[351] = (nil)
[352] = (nil)
[353] = (nil)
[354] = (nil)
[355] = (nil)
[356] = (nil)
[357] = (nil)
[358] = (nil)
[359] = (nil)
[360] = (nil)
[361] = (nil)
[362] = (nil)
[363] = (nil)
[364] = (nil)
[365] = (nil)
[366] = (nil)
[367] = (nil)
[368] = (nil)
[369] = (nil)
[370] = (nil)
[371] = (nil)
[372] = (nil)
[373] = (nil)
[374] = (nil)
[375] = (nil)
[376] = (nil)
[377] = (nil)
[378] = (nil)
[379] = (nil)
[380] = (nil)
[381] = (nil)
[382] = (nil)
[383] = (nil)
[384] = (nil)
[385] = (nil)
[386] = (nil)
[387] = (nil)
[388] = (nil)
[389] = (nil)
[390] = (nil)
[391] = (nil)
[392] = (nil)
[393] = (nil)
[394] = (nil)
[395] = (nil)
[396] = (nil)
[397] = (nil)
[398] = (nil)
[399] = (nil)
[400] = (nil)
[401] = (nil)
[402] = (nil)
[403] = (nil)
[404] = (nil)
[405] = (nil)
[406] = (nil)
[407] = (nil)
[408] = (nil)
[409] = (nil)
[410] = (nil)
[411] = (nil)
[412] = (nil)
[413] = (nil)
[414] = (nil)
[415] = (nil)
[416] = (nil)
[417] = (nil)
[418] = (nil)
[419] = (nil)
[420] = (nil)
[421] = (nil)
[422] = (nil)
[423] = (nil)
[424] = (nil)
[425] = (nil)
[426] = (nil)
[427] = (nil)
[428] = (nil)
[429] = (nil)
[430] = (nil)
[431] = (nil)
[432] = (nil)
[433] = (nil)
[434] = (nil)
[435] = (nil)
[436] = (nil)
[437] = (nil)
[438] = (nil)
[439] = (nil)
[440] = (nil)
[441] = (nil)
[442] = (nil)
[443] = (nil)
[444] = (nil)
[445] = (nil)
[446] = (nil)
[447] = (nil)
[448] = (nil)
[449] = (nil)
[450] = (nil)
[451] = (nil)
[452] = (nil)
[453] = (nil)
[454] = (nil)
[455] = (nil)
[456] = (nil)
[457] = (nil)
[458] = (nil)
[459] = (nil)
[460] = (nil)
[461] = (nil)
[462] = (nil)
[463] = (nil)
[464] = (nil)
[465] = (nil)
[466] = (nil)
[467] = (nil)
[468] = (nil)
[469] = (nil)
[470] = (nil)
[471] = (nil)
[472] = (nil)
[473] = (nil)
[474] = (nil)
[475] = (nil)
[476] = (nil)
[477] = (nil)
[478] = (nil)
[479] = (nil)
[480] = (nil)
[481] = (nil)
[482] = (nil)
[483] = (nil)
[484] = (nil)
[485] = (nil)
[486] = (nil)
[487] = (nil)
[488] = (nil)
[489] = (nil)
[490] = (nil)
[491] = (nil)
[492] = (nil)
[493] = (nil)
[494] = (nil)
[495] = (nil)
[496] = (nil)
[497] = (nil)
[498] = (nil)
[499] = (nil)
[500] = (nil)
[501] = (nil)
[502] = (nil)
[503] = (nil)
[504] = (nil)
[505] = (nil)
[506] = (nil)
[507] = (nil)
[508] = (nil)
[509] = (nil)
[510] = (nil)
[511] = (nil)
[512] = (nil)
[513] = (nil)
[514] = (nil)
[515] = (nil)
[516] = (nil)
[517] = (nil)
[518] = (nil)
[519] = (nil)
[520] = (nil)
[521] = (nil)
[522] = (nil)
[523] = (nil)
[524] = (nil)
[525] = (nil)
[526] = (nil)
[527] = (nil)
[528] = (nil)
[529] = (nil)
[530] = (nil)
[531] = (nil)
[532] = (nil)
[533] = (nil)
[534] = (nil)
[535] = (nil)
[536] = (nil)
[537] = (nil)
[538] = (nil)
[539] = (nil)
[540] = (nil)
[541] = (nil)
[542] = (nil)
[543] = (nil)
[544] = (nil)
[545] = (nil)
[546] = (nil)
[547] = (nil)
[548] = (nil)
[549] = (nil)
[550] = (nil)
[551] = (nil)
[552] = (nil)
[553] = (nil)
[554] = (nil)
[555] = (nil)
[556] = (nil)
[557] = (nil)
[558] = (nil)
[559] = (nil)
[560] = (nil)
[561] = (nil)
[562] = (nil)
[563] = (nil)
[564] = (nil)
[565] = (nil)
[566] = (nil)
[567] = (nil)
[568] = (nil)
[569] = (nil)
[570] = (nil)
[571] = (nil)
[572] = (nil)
[573] = (nil)
[574] = (nil)
[575] = (nil)
[576] = (nil)
[577] = (nil)
[578] = (nil)
[579] = (nil)
[580] = (nil)
[581] = (nil)
[582] = (nil)
[583] = (nil)
[584] = (nil)
[585] = (nil)
[586] = (nil)
[587] = (nil)
[588] = (nil)
[589] = (nil)
[590] = (nil)
[591] = (nil)
[592] = (nil)
[593] = (nil)
[594] = (nil)
[595] = (nil)
[596] = (nil)
[597] = (nil)
[598] = (nil)
[599] = (nil)
[600] = (nil)
[601] = (nil)
[602] = (nil)
[603] = (nil)
[604] = (nil)
[605] = (nil)
[606] = (nil)
[607] = (nil)
[608] = (nil)
[609] = (nil)
[610] = (nil)
[611] = (nil)
[612] = (nil)
[613] = (nil)
[614] = (nil)
[615] = (nil)
[616] = (nil)
[617] = (nil)
[618] = (nil)
[619] = (nil)
[620] = (nil)
[621] = (nil)
[622] = (nil)
[623] = (nil)
[624] = (nil)
[625] = (nil)
[626] = (nil)
[627] = (nil)
[628] = (nil)
[629] = (nil)
[630] = (nil)
[631] = (nil)
[632] = (nil)
[633] = (nil)
[634] = (nil)
[635] = (nil)
[636] = (nil)
[637] = (nil)
[638] = (nil)
[639] = (nil)
[640] = (nil)
[641] = (nil)
[642] = (nil)
[643] = (nil)
[644] = (nil)
[645] = (nil)
[646] = (nil)
[647] = (nil)
[648] = (nil)
[649] = (nil)
[650] = (nil)
[651] = (nil)
[652] = (nil)
[653] = (nil)
[654] = (nil)
[655] = (nil)
[656] = (nil)
[657] = (nil)
[658] = (nil)
[659] = (nil)
[660] = (nil)
[661] = (nil)
[662] = (nil)
[663] = (nil)
[664] = (nil)
[665] = (nil)
[666] = (nil)
[667] = (nil)
[668] = (nil)
[669] = (nil)
[670] = (nil)
[671] = (nil)
[672] = (nil)
[673] = (nil)
[674] = (nil)
[675] = (nil)
[676] = (nil)
[677] = (nil)
[678] = (nil)
[679] = (nil)
[680] = (nil)
[681] = (nil)
[682] = (nil)
[683] = (nil)
[684] = (nil)
[685] = (nil)
[686] = (nil)
[687] = (nil)
[688] = (nil)
[689] = (nil)
[690] = (nil)
[691] = (nil)
[692] = (nil)
[693] = (nil)
[694] = (nil)
[695] = (nil)
[696] = (nil)
[697] = (nil)
[698] = (nil)
[699] = (nil)
[700] = (nil)
[701] = (nil)
[702] = (nil)
[703] = (nil)
[704] = (nil)
[705] = (nil)
[706] = (nil)
[707] = (nil)
[708] = (nil)
[709] = (nil)
[710] = (nil)
[711] = (nil)
[712] = (nil)
[713] = (nil)
[714] = (nil)
[715] = (nil)
[716] = (nil)
[717] = (nil)
[718] = (nil)
[719] = (nil)
[720] = (nil)
[721] = (nil)
[722] = (nil)
[723] = (nil)
[724] = (nil)
[725] = (nil)
[726] = (nil)
[727] = (nil)
[728] = (nil)
[729] = (nil)
[730] = (nil)
[731] = (nil)
[732] = (nil)
[733] = (nil)
[734] = (nil)
[735] = (nil)
[736] = (nil)
[737] = (nil)
[738] = (nil)
[739] = (nil)
[740] = (nil)
[741] = (nil)
[742] = (nil)
[743] = (nil)
[744] = (nil)
[745] = (nil)
[746] = (nil)
[747] = (nil)
[748] = (nil)
[749] = (nil)
[750] = (nil)
[751] = (nil)
[752] = (nil)
[753] = (nil)
[754] = (nil)
[755] = (nil)
[756] = (nil)
[757] = (nil)
[758] = (nil)
[759] = (nil)
[760] = (nil)
[761] = (nil)
[762] = (nil)
[763] = (nil)
[764] = (nil)
[765] = (nil)
[766] = (nil)
[767] = (nil)
[768] = (nil)
[769] = (nil)
[770] = (nil)
[771] = (nil)
[772] = (nil)
[773] = (nil)
[774] = (nil)
[775] = (nil)
[776] = (nil)
[777] = (nil)
[778] = (nil)
[779] = (nil)
[780] = (nil)
[781] = (nil)
[782] = (nil)
[783] = (nil)
[784] = (nil)
[785] = (nil)
[786] = (nil)
[787] = (nil)
[788] = (nil)
[789] = (nil)
[790] = (nil)
[791] = (nil)
[792] = (nil)
[793] = (nil)
[794] = (nil)
[795] = (nil)
[796] = (nil)
[797] = (nil)
[798] = (nil)
[799] = (nil)
[800] = (nil)
[801] = (nil)
[802] = (nil)
[803] = (nil)
[804] = (nil)
[805] = (nil)
[806] = (nil)
[807] = (nil)
[808] = (nil)
[809] = (nil)
[810] = (nil)
[811] = (nil)
[812] = (nil)
[813] = (nil)
[814] = (nil)
[815] = (nil)
[816] = (nil)
[817] = (nil)
[818] = (nil)
[819] = (nil)
[820] = (nil)
[821] = (nil)
[822] = (nil)
[823] = (nil)
[824] = (nil)
[825] = (nil)
[826] = (nil)
[827] = (nil)
[828] = (nil)
[829] = (nil)
[830] = (nil)
[831] = (nil)
[832] = (nil)
[833] = (nil)
[834] = (nil)
[835] = (nil)
[836] = (nil)
[837] = (nil)
[838] = (nil)
[839] = (nil)
[840] = (nil)
[841] = (nil)
[842] = (nil)
[843] = (nil)
[844] = (nil)
[845] = (nil)
[846] = (nil)
[847] = (nil)
[848] = (nil)
[849] = (nil)
[850] = (nil)
[851] = (nil)
[852] = (nil)
[853] = (nil)
[854] = (nil)
[855] = (nil)
[856] = (nil)
[857] = (nil)
[858] = (nil)
[859] = (nil)
[860] = (nil)
[861] = (nil)
[862] = (nil)
[863] = (nil)
[864] = (nil)
[865] = (nil)
[866] = (nil)
[867] = (nil)
[868] = (nil)
[869] = (nil)
[870] = (nil)
[871] = (nil)
[872] = (nil)
[873] = (nil)
[874] = (nil)
[875] = (nil)
[876] = (nil)
[877] = (nil)
[878] = (nil)
[879] = (nil)
[880] = (nil)
[881] = (nil)
[882] = (nil)
[883] = (nil)
[884] = (nil)
[885] = (nil)
[886] = (nil)
[887] = (nil)
[888] = (nil)
[889] = (nil)
[890] = (nil)
[891] = (nil)
[892] = (nil)
[893] = (nil)
[894] = (nil)
[895] = (nil)
[896] = (nil)
[897] = (nil)
[898] = (nil)
[899] = (nil)
[900] = (nil)
[901] = (nil)
[902] = (nil)
[903] = (nil)
[904] = (nil)
[905] = (nil)
[906] = (nil)
[907] = (nil)
[908] = (nil)
[909] = (nil)
[910] = (nil)
[911] = (nil)
[912] = (nil)
[913] = (nil)
[914] = (nil)
[915] = (nil)
[916] = (nil)
[917] = (nil)
[918] = (nil)
[919] = (nil)
[920] = (nil)
[921] = (nil)
[922] = (nil)
[923] = (nil)
[924] = (nil)
[925] = (nil)
[926] = (nil)
[927] = (nil)
[928] = (nil)
[929] = (nil)
[930] = (nil)
[931] = (nil)
[932] = (nil)
[933] = (nil)
[934] = (nil)
[935] = (nil)
[936] = (nil)
[937] = (nil)
[938] = (nil)
[939] = (nil)
[940] = (nil)
[941] = (nil)
[942] = (nil)
[943] = (nil)
[944] = (nil)
[945] = (nil)
[946] = (nil)
[947] = (nil)
[948] = (nil)
[949] = (nil)
[950] = (nil)
[951] = (nil)
[952] = (nil)
[953] = (nil)
[954] = (nil)
[955] = (nil)
[956] = (nil)
[957] = (nil)
[958] = (nil)
[959] = (nil)
[960] = (nil)
[961] = (nil)
[962] = (nil)
[963] = (nil)
[964] = (nil)
[965] = (nil)
[966] = (nil)
[967] = (nil)
[968] = (nil)
[969] = (nil)
[970] = (nil)
[971] = (nil)
[972] = (nil)
[973] = (nil)
[974] = (nil)
[975] = (nil)
[976] = (nil)
[977] = (nil)
[978] = (nil)
[979] = (nil)
[980] = (nil)
[981] = (nil)
[982] = (nil)
[983] = (nil)
[984] = (nil)
[985] = (nil)
[986] = (nil)
[987] = (nil)
[988] = (nil)
[989] = (nil)
[990] = (nil)
[991] = (nil)
[992] = (nil)
[993] = (nil)
[994] = (nil)
[995] = (nil)
[996] = (nil)
[997] = (nil)
[998] = (nil)
[999] = (nil)
[1000] = (nil)
[1001] = (nil)
[1002] = (nil)
[1003] = (nil)
[1004] = (nil)
[1005] = (nil)
[1006] = (nil)
[1007] = (nil)
[1008] = (nil)
[1009] = (nil)
[1010] = (nil)
[1011] = (nil)
[1012] = (nil)
[1013] = (nil)
[1014] = (nil)
[1015] = (nil)
[1016] = (nil)
[1017] = (nil)
[1018] = (nil)
[1019] = (nil)
[1020] = (nil)
[1021] = (nil)
[1022] = (nil)
[1023] = (nil)
[1024] = 0x43
[1025] = (nil)
[1026] = (nil)
[1027] = (nil)
[1028] = 0x44
[1029] = (nil)
[1030] = (nil)
[1031] = (nil)
[1032] = (nil)
[1033] = (nil)
[1034] = (nil)
[1035] = (nil)
[1036] = (nil)
[1037] = (nil)
[1038] = (nil)
[1039] = (nil)
[1040] = (nil)
[1041] = (nil)
[1042] = (nil)
[1043] = (nil)
[1044] = (nil)
[1045] = (nil)
[1046] = (nil)
[1047] = (nil)
[1048] = (nil)
[1049] = (nil)
[1050] = (nil)
[1051] = (nil)
[1052] = (nil)
[1053] = (nil)
[1054] = (nil)
[1055] = (nil)
[1056] = (nil)
[1057] = (nil)
[1058] = (nil)
[1059] = (nil)
[1060] = (nil)
[1061] = (nil)
[1062] = (nil)
[1063] = (nil)
[1064] = (nil)
[1065] = (nil)
[1066] = (nil)
[1067] = (nil)
[1068] = (nil)
[1069] = (nil)
[1070] = (nil)
[1071] = (nil)
[1072] = (nil)
[1073] = (nil)
[1074] = (nil)
[1075] = (nil)
[1076] = (nil)
[1077] = (nil)
[1078] = (nil)
[1079] = (nil)
[1080] = (nil)
[1081] = (nil)
[1082] = (nil)
[1083] = (nil)
[1084] = (nil)
[1085] = (nil)
[1086] = (nil)
[1087] = (nil)
[1088] = (nil)
[1089] = (nil)
[1090] = (nil)
[1091] = (nil)
[1092] = (nil)
[1093] = (nil)
[1094] = (nil)
[1095] = (nil)
[1096] = (nil)
[1097] = (nil)
[1098] = (nil)
[1099] = (nil)
[1100] = (nil)
[1101] = (nil)
[1102] = (nil)
[1103] = (nil)
[1104] = (nil)
[1105] = (nil)
[1106] = (nil)
[1107] = (nil)
[1108] = (nil)
[1109] = (nil)
[1110] = (nil)
[1111] = (nil)
[1112] = (nil)
[1113] = (nil)
[1114] = (nil)
[1115] = (nil)
[1116] = (nil)
[1117] = (nil)
[1118] = (nil)
[1119] = (nil)
[1120] = (nil)
[1121] = (nil)
[1122] = (nil)
[1123] = (nil)
[1124] = (nil)
[1125] = (nil)
[1126] = (nil)
[1127] = (nil)
[1128] = (nil)
[1129] = (nil)
[1130] = (nil)
[1131] = (nil)
[1132] = (nil)
[1133] = (nil)
[1134] = (nil)
[1135] = (nil)
[1136] = (nil)
[1137] = (nil)
[1138] = (nil)
[1139] = (nil)
[1140] = (nil)
[1141] = (nil)
[1142] = (nil)
[1143] = (nil)
[1144] = (nil)
[1145] = (nil)
[1146] = (nil)
[1147] = (nil)
[1148] = (nil)
[1149] = (nil)
[1150] = (nil)
[1151] = (nil)
[1152] = (nil)
[1153] = (nil)
[1154] = (nil)
[1155] = (nil)
[1156] = (nil)
[1157] = (nil)
[1158] = (nil)
[1159] = (nil)
[1160] = (nil)
[1161] = (nil)
[1162] = (nil)
[1163] = (nil)
[1164] = (nil)
[1165] = (nil)
[1166] = (nil)
[1167] = (nil)
[1168] = (nil)
[1169] = (nil)
[1170] = (nil)
[1171] = (nil)
[1172] = (nil)
[1173] = (nil)
[1174] = (nil)
[1175] = (nil)
[1176] = (nil)
[1177] = (nil)
[1178] = (nil)
[1179] = (nil)
[1180] = (nil)
[1181] = (nil)
[1182] = (nil)
[1183] = (nil)
[1184] = (nil)
[1185] = (nil)
[1186] = (nil)
[1187] = (nil)
[1188] = (nil)
[1189] = (nil)
[1190] = (nil)
[1191] = (nil)
[1192] = (nil)
[1193] = (nil)
[1194] = (nil)
[1195] = (nil)
[1196] = (nil)
[1197] = (nil)
[1198] = (nil)
[1199] = (nil)
[1200] = (nil)
[1201] = (nil)
[1202] = (nil)
[1203] = (nil)
[1204] = (nil)
[1205] = (nil)
[1206] = (nil)
[1207] = (nil)
[1208] = (nil)
[1209] = (nil)
[1210] = (nil)
[1211] = (nil)
[1212] = (nil)
[1213] = (nil)
[1214] = (nil)
[1215] = (nil)
[1216] = (nil)
[1217] = (nil)
[1218] = (nil)
[1219] = (nil)
[1220] = (nil)
[1221] = (nil)
[1222] = (nil)
[1223] = (nil)
[1224] = (nil)
[1225] = (nil)
[1226] = (nil)
[1227] = (nil)
[1228] = (nil)
[1229] = (nil)
[1230] = (nil)
[1231] = (nil)
[1232] = (nil)
[1233] = (nil)
[1234] = (nil)
[1235] = (nil)
[1236] = (nil)
[1237] = (nil)
[1238] = (nil)
[1239] = (nil)
[1240] = (nil)
[1241] = (nil)
[1242] = (nil)
[1243] = (nil)
[1244] = (nil)
[1245] = (nil)
[1246] = (nil)
[1247] = (nil)
[1248] = (nil)
[1249] = (nil)
[1250] = (nil)
[1251] = (nil)
[1252] = (nil)
[1253] = (nil)
[1254] = (nil)
[1255] = (nil)
[1256] = (nil)
[1257] = (nil)
[1258] = (nil)
[1259] = (nil)
[1260] = (nil)
[1261] = (nil)
[1262] = (nil)
[1263] = (nil)
[1264] = (nil)
[1265] = (nil)
[1266] = (nil)
[1267] = (nil)
[1268] = (nil)
[1269] = (nil)
[1270] = (nil)
[1271] = (nil)
[1272] = (nil)
[1273] = (nil)
[1274] = (nil)
[1275] = (nil)
[1276] = (nil)
[1277] = (nil)
[1278] = (nil)
[1279] = (nil)
[1280] = (nil)
[1281] = (nil)
[1282] = (nil)
[1283] = (nil)
[1284] = (nil)
[1285] = (nil)
[1286] = (nil)
[1287] = (nil)
[1288] = (nil)
[1289] = (nil)
[1290] = (nil)
[1291] = (nil)
[1292] = (nil)
[1293] = (nil)
[1294] = (nil)
[1295] = (nil)
[1296] = (nil)
[1297] = (nil)
[1298] = (nil)
[1299] = (nil)
[1300] = (nil)
[1301] = (nil)
[1302] = (nil)
[1303] = (nil)
[1304] = (nil)
[1305] = (nil)
[1306] = (nil)
[1307] = (nil)
[1308] = (nil)
[1309] = (nil)
[1310] = (nil)
[1311] = (nil)
[1312] = (nil)
[1313] = (nil)
[1314] = (nil)
[1315] = (nil)
[1316] = (nil)
[1317] = (nil)
[1318] = (nil)
[1319] = (nil)
[1320] = (nil)
[1321] = (nil)
[1322] = (nil)
[1323] = (nil)
[1324] = (nil)
[1325] = (nil)
[1326] = (nil)
[1327] = (nil)
[1328] = (nil)
[1329] = (nil)
[1330] = (nil)
[1331] = (nil)
[1332] = (nil)
[1333] = (nil)
[1334] = (nil)
[1335] = (nil)
[1336] = (nil)
[1337] = (nil)
[1338] = (nil)
[1339] = (nil)
[1340] = (nil)
[1341] = (nil)
[1342] = (nil)
[1343] = (nil)
[1344] = (nil)
[1345] = (nil)
[1346] = (nil)
[1347] = (nil)
[1348] = (nil)
[1349] = (nil)
[1350] = (nil)
[1351] = (nil)
[1352] = (nil)
[1353] = (nil)
[1354] = (nil)
[1355] = (nil)
[1356] = (nil)
[1357] = (nil)
[1358] = (nil)
[1359] = (nil)
[1360] = (nil)
[1361] = (nil)
[1362] = (nil)
[1363] = (nil)
[1364] = (nil)
[1365] = (nil)
[1366] = (nil)
[1367] = (nil)
[1368] = (nil)
[1369] = (nil)
[1370] = (nil)
[1371] = (nil)
[1372] = (nil)
[1373] = (nil)
[1374] = (nil)
[1375] = (nil)
[1376] = (nil)
[1377] = (nil)
[1378] = (nil)
[1379] = (nil)
[1380] = (nil)
[1381] = (nil)
[1382] = (nil)
[1383] = (nil)
[1384] = (nil)
[1385] = (nil)
[1386] = (nil)
[1387] = (nil)
[1388] = (nil)
[1389] = (nil)
[1390] = (nil)
[1391] = (nil)
[1392] = (nil)
[1393] = (nil)
[1394] = (nil)
[1395] = (nil)
[1396] = (nil)
[1397] = (nil)
[1398] = (nil)
[1399] = (nil)
[1400] = (nil)
[1401] = (nil)
[1402] = (nil)
[1403] = (nil)
[1404] = (nil)
[1405] = (nil)
[1406] = (nil)
[1407] = (nil)
[1408] = (nil)
[1409] = (nil)
[1410] = (nil)
[1411] = (nil)
[1412] = (nil)
[1413] = (nil)
[1414] = (nil)
[1415] = (nil)
[1416] = (nil)
[1417] = (nil)
[1418] = (nil)
[1419] = (nil)
[1420] = (nil)
[1421] = (nil)
[1422] = (nil)
[1423] = (nil)
[1424] = (nil)
[1425] = (nil)
[1426] = (nil)
[1427] = (nil)
[1428] = (nil)
[1429] = (nil)
[1430] = (nil)
[1431] = (nil)
[1432] = (nil)
[1433] = (nil)
[1434] = (nil)
[1435] = (nil)
[1436] = (nil)
[1437] = (nil)
[1438] = (nil)
[1439] = (nil)
[1440] = (nil)
[1441] = (nil)
[1442] = (nil)
[1443] = (nil)
[1444] = (nil)
[1445] = (nil)
[1446] = (nil)
[1447] = (nil)
[1448] = (nil)
[1449] = (nil)
[1450] = (nil)
[1451] = (nil)
[1452] = (nil)
[1453] = (nil)
[1454] = (nil)
[1455] = (nil)
[1456] = (nil)
[1457] = (nil)
[1458] = (nil)
[1459] = (nil)
[1460] = (nil)
[1461] = (nil)
[1462] = (nil)
[1463] = (nil)
[1464] = (nil)
[1465] = (nil)
[1466] = (nil)
[1467] = (nil)
[1468] = (nil)
[1469] = (nil)
[1470] = (nil)
[1471] = (nil)
[1472] = (nil)
[1473] = (nil)
[1474] = (nil)
[1475] = (nil)
[1476] = (nil)
[1477] = (nil)
[1478] = (nil)
[1479] = (nil)
[1480] = (nil)
[1481] = (nil)
[1482] = (nil)
[1483] = (nil)
[1484] = (nil)
[1485] = (nil)
[1486] = (nil)
[1487] = (nil)
[1488] = (nil)
[1489] = (nil)
[1490] = (nil)
[1491] = (nil)
[1492] = (nil)
[1493] = (nil)
[1494] = (nil)
[1495] = (nil)
[1496] = (nil)
[1497] = (nil)
[1498] = (nil)
[1499] = (nil)
[1500] = (nil)
[1501] = (nil)
[1502] = (nil)
[1503] = (nil)
[1504] = (nil)
[1505] = (nil)
[1506] = (nil)
[1507] = (nil)
[1508] = (nil)
[1509] = (nil)
[1510] = (nil)
[1511] = (nil)
[1512] = (nil)
[1513] = (nil)
[1514] = (nil)
[1515] = (nil)
[1516] = (nil)
[1517] = (nil)
[1518] = (nil)
[1519] = (nil)
[1520] = (nil)
[1521] = (nil)
[1522] = (nil)
[1523] = (nil)
[1524] = (nil)
[1525] = (nil)
[1526] = (nil)
[1527] = (nil)
[1528] = (nil)
[1529] = (nil)
[1530] = (nil)
[1531] = (nil)
[1532] = (nil)
[1533] = (nil)
[1534] = (nil)
[1535] = (nil)
</gap>
